Archive member included because of file (symbol)

/opt/msp430-gcc-4.4.2/lib/gcc/msp430/4.4.2/msp2/libgcc.a(_reset_vector__.o)
                              /opt/msp430-gcc-4.4.2/lib/gcc/msp430/4.4.2/../../../../msp430/lib/crt430x1611.o (_reset_vector__)
/opt/msp430-gcc-4.4.2/lib/gcc/msp430/4.4.2/msp2/libgcc.a(__low_level_init.o)
                              /opt/msp430-gcc-4.4.2/lib/gcc/msp430/4.4.2/msp2/libgcc.a(_reset_vector__.o) (__low_level_init)
/opt/msp430-gcc-4.4.2/lib/gcc/msp430/4.4.2/msp2/libgcc.a(__init_stack.o)
                              /opt/msp430-gcc-4.4.2/lib/gcc/msp430/4.4.2/msp2/libgcc.a(_reset_vector__.o) (__init_stack)
/opt/msp430-gcc-4.4.2/lib/gcc/msp430/4.4.2/msp2/libgcc.a(_copy_data.o)
                              /opt/msp430-gcc-4.4.2/lib/gcc/msp430/4.4.2/msp2/libgcc.a(_reset_vector__.o) (__do_copy_data)
/opt/msp430-gcc-4.4.2/lib/gcc/msp430/4.4.2/msp2/libgcc.a(_clear_bss.o)
                              /opt/msp430-gcc-4.4.2/lib/gcc/msp430/4.4.2/msp2/libgcc.a(_reset_vector__.o) (__do_clear_bss)
/opt/msp430-gcc-4.4.2/lib/gcc/msp430/4.4.2/msp2/libgcc.a(__jump_to_main.o)
                              /opt/msp430-gcc-4.4.2/lib/gcc/msp430/4.4.2/msp2/libgcc.a(_reset_vector__.o) (__jump_to_main)

Allocating common symbols
Common symbol       size              file

minAt               0x1               SchedulerOnline.o
Tasks               0x3c              SchedulerOnline.o
NextInterruptTime   0x2               SchedulerOnline.o

Memory Configuration

Name             Origin             Length             Attributes
text             0x00004000         0x0000bfe0         xr
data             0x00001100         0x00002800         xrw
vectors          0x0000ffe0         0x00000020         rw
bootloader       0x00000c00         0x00000400         xr
infomem          0x00001000         0x00000100         xr
infomemnobits    0x00001000         0x00000100         xr
*default*        0x00000000         0xffffffff

Linker script and memory map

LOAD /opt/msp430-gcc-4.4.2/lib/gcc/msp430/4.4.2/../../../../msp430/lib/crt430x1611.o
LOAD SchedTest.o
LOAD Led.o
LOAD Clock.o
LOAD Context.o
LOAD SchedulerOnline.o
LOAD Scheduler_P_FP.o
LOAD Scheduler_P_EDF.o
LOAD TimeTracking.o
LOAD /opt/msp430-gcc-4.4.2/lib/gcc/msp430/4.4.2/msp2/libgcc.a
LOAD /opt/msp430-gcc-4.4.2/lib/gcc/msp430/4.4.2/../../../../msp430/lib/msp2/libc.a
LOAD /opt/msp430-gcc-4.4.2/lib/gcc/msp430/4.4.2/msp2/libgcc.a

.hash
 *(.hash)

.dynsym
 *(.dynsym)

.dynstr
 *(.dynstr)

.gnu.version
 *(.gnu.version)

.gnu.version_d
 *(.gnu.version_d)

.gnu.version_r
 *(.gnu.version_r)

.rel.init
 *(.rel.init)

.rela.init
 *(.rela.init)

.rel.text
 *(.rel.text)
 *(.rel.text.*)
 *(.rel.gnu.linkonce.t*)

.rela.text
 *(.rela.text)
 *(.rela.text.*)
 *(.rela.gnu.linkonce.t*)

.rel.fini
 *(.rel.fini)

.rela.fini
 *(.rela.fini)

.rel.rodata
 *(.rel.rodata)
 *(.rel.rodata.*)
 *(.rel.gnu.linkonce.r*)

.rela.rodata
 *(.rela.rodata)
 *(.rela.rodata.*)
 *(.rela.gnu.linkonce.r*)

.rel.data
 *(.rel.data)
 *(.rel.data.*)
 *(.rel.gnu.linkonce.d*)

.rela.data
 *(.rela.data)
 *(.rela.data.*)
 *(.rela.gnu.linkonce.d*)

.rel.ctors
 *(.rel.ctors)

.rela.ctors
 *(.rela.ctors)

.rel.dtors
 *(.rel.dtors)

.rela.dtors
 *(.rela.dtors)

.rel.got
 *(.rel.got)

.rela.got
 *(.rela.got)

.rel.bss
 *(.rel.bss)

.rela.bss
 *(.rela.bss)

.rel.plt
 *(.rel.plt)

.rela.plt
 *(.rela.plt)

.text           0x00004000      0x566
                0x00004000                . = ALIGN (0x2)
 *(.init)
 *(.init)
 *(.init0)
 .init0         0x00004000        0x0 /opt/msp430-gcc-4.4.2/lib/gcc/msp430/4.4.2/msp2/libgcc.a(_reset_vector__.o)
                0x00004000                _reset_vector__
 *(.init0)
 *(.init1)
 *(.init1)
 *(.init2)
 .init2         0x00004000        0x4 /opt/msp430-gcc-4.4.2/lib/gcc/msp430/4.4.2/msp2/libgcc.a(__init_stack.o)
                0x00004000                __init_stack
 *(.init2)
 *(.init3)
 .init3         0x00004004        0x6 /opt/msp430-gcc-4.4.2/lib/gcc/msp430/4.4.2/msp2/libgcc.a(__low_level_init.o)
                0x00004004                __low_level_init
 *(.init3)
 *(.init4)
 .init4         0x0000400a       0x12 /opt/msp430-gcc-4.4.2/lib/gcc/msp430/4.4.2/msp2/libgcc.a(_copy_data.o)
                0x0000400a                __do_copy_data
 .init4         0x0000401c       0x10 /opt/msp430-gcc-4.4.2/lib/gcc/msp430/4.4.2/msp2/libgcc.a(_clear_bss.o)
                0x0000401c                __do_clear_bss
 *(.init4)
 *(.init5)
 *(.init5)
 *(.init6)
 *(.init6)
 *(.init7)
 *(.init7)
 *(.init8)
 *(.init8)
 *(.init9)
 .init9         0x0000402c        0x4 /opt/msp430-gcc-4.4.2/lib/gcc/msp430/4.4.2/msp2/libgcc.a(__jump_to_main.o)
                0x0000402c                __jump_to_main
 *(.init9)
                0x00004030                __ctors_start = .
 *(.ctors)
 *(.ctors)
                0x00004030                __ctors_end = .
                0x00004030                __dtors_start = .
 *(.dtors)
 *(.dtors)
                0x00004030                __dtors_end = .
                0x00004030                . = ALIGN (0x2)
 *(.text)
 .text          0x00004030        0x6 /opt/msp430-gcc-4.4.2/lib/gcc/msp430/4.4.2/../../../../msp430/lib/crt430x1611.o
                0x00004030                _unexpected_1_
                0x00004030                vector_ffe0
                0x00004030                vector_fff0
                0x00004030                vector_fffc
                0x00004030                vector_ffe4
                0x00004030                vector_ffe2
                0x00004030                vector_ffe8
                0x00004034                _unexpected_
                0x00004030                vector_fffa
                0x00004030                vector_ffee
                0x00004030                vector_fff4
                0x00004030                vector_fff8
                0x00004030                vector_fff2
                0x00004030                vector_ffe6
                0x00004030                vector_fff6
                0x00004030                vector_ffea
 .text          0x00004036      0x150 SchedTest.o
                0x00004036                CountDelay
                0x0000414a                BlinkYellow
                0x0000410e                BlinkGreen
                0x0000404e                CountRealtimeDelay
                0x0000406e                main
                0x000040d2                BlinkRed
 .text          0x00004186       0x20 Led.o
                0x00004186                InitLeds
                0x000041a0                ToggleLeds
                0x00004190                SetLeds
 .text          0x000041a6       0x18 Clock.o
                0x000041a6                InitClock
 .text          0x000041be       0x2e Context.o
                0x000041d6                ResumeContext
                0x000041be                ContextSwitch
 .text          0x000041ec      0x19e SchedulerOnline.o
                0x0000423c                RegisterTask
                0x000042fc                vector_ffec
                0x000042e6                UnRegisterTask
                0x000042fc                TimerIntrpt
                0x000041ec                IntDisable
                0x000041f6                InitTasks
                0x000041f2                RestoreSW
 .text          0x0000438a       0x8a Scheduler_P_FP.o
                0x0000438a                Scheduler_P_FP
 .text          0x00004414       0xfe Scheduler_P_EDF.o
                0x00004414                Scheduler_P_EDF
 .text          0x00004512       0x54 TimeTracking.o
                0x00004512                StartTracking
                0x00004534                AddJobExecution
                0x0000453a                PrintResults
                0x0000451e                StopTracking
 .text          0x00004566        0x0 /opt/msp430-gcc-4.4.2/lib/gcc/msp430/4.4.2/msp2/libgcc.a(_reset_vector__.o)
 .text          0x00004566        0x0 /opt/msp430-gcc-4.4.2/lib/gcc/msp430/4.4.2/msp2/libgcc.a(__low_level_init.o)
 .text          0x00004566        0x0 /opt/msp430-gcc-4.4.2/lib/gcc/msp430/4.4.2/msp2/libgcc.a(__init_stack.o)
 .text          0x00004566        0x0 /opt/msp430-gcc-4.4.2/lib/gcc/msp430/4.4.2/msp2/libgcc.a(_copy_data.o)
 .text          0x00004566        0x0 /opt/msp430-gcc-4.4.2/lib/gcc/msp430/4.4.2/msp2/libgcc.a(_clear_bss.o)
 .text          0x00004566        0x0 /opt/msp430-gcc-4.4.2/lib/gcc/msp430/4.4.2/msp2/libgcc.a(__jump_to_main.o)
                0x00004566                . = ALIGN (0x2)
 *(.text.*)
 .text.libgcc   0x00004566        0x0 /opt/msp430-gcc-4.4.2/lib/gcc/msp430/4.4.2/msp2/libgcc.a(_reset_vector__.o)
 .text.libgcc   0x00004566        0x0 /opt/msp430-gcc-4.4.2/lib/gcc/msp430/4.4.2/msp2/libgcc.a(__low_level_init.o)
 .text.libgcc   0x00004566        0x0 /opt/msp430-gcc-4.4.2/lib/gcc/msp430/4.4.2/msp2/libgcc.a(__init_stack.o)
 .text.libgcc   0x00004566        0x0 /opt/msp430-gcc-4.4.2/lib/gcc/msp430/4.4.2/msp2/libgcc.a(_copy_data.o)
 .text.libgcc   0x00004566        0x0 /opt/msp430-gcc-4.4.2/lib/gcc/msp430/4.4.2/msp2/libgcc.a(_clear_bss.o)
 .text.libgcc   0x00004566        0x0 /opt/msp430-gcc-4.4.2/lib/gcc/msp430/4.4.2/msp2/libgcc.a(__jump_to_main.o)
                0x00004566                . = ALIGN (0x2)
 *(.fini9)
 *(.fini9)
 *(.fini8)
 *(.fini8)
 *(.fini7)
 *(.fini7)
 *(.fini6)
 *(.fini6)
 *(.fini5)
 *(.fini5)
 *(.fini4)
 *(.fini4)
 *(.fini3)
 *(.fini3)
 *(.fini2)
 *(.fini2)
 *(.fini1)
 *(.fini1)
 *(.fini0)
 *(.fini0)
 *(.fini)
 *(.fini)
                0x00004566                _etext = .

.data           0x00001100        0x2 load address 0x00004566
                0x00001100                PROVIDE (__data_start, .)
                0x00001100                . = ALIGN (0x2)
 *(.data)
 .data          0x00001100        0x0 /opt/msp430-gcc-4.4.2/lib/gcc/msp430/4.4.2/../../../../msp430/lib/crt430x1611.o
 .data          0x00001100        0x0 SchedTest.o
 .data          0x00001100        0x0 Led.o
 .data          0x00001100        0x0 Clock.o
 .data          0x00001100        0x0 Context.o
 .data          0x00001100        0x2 SchedulerOnline.o
                0x00001100                minPeriod
 .data          0x00001102        0x0 Scheduler_P_FP.o
 .data          0x00001102        0x0 Scheduler_P_EDF.o
 .data          0x00001102        0x0 TimeTracking.o
 .data          0x00001102        0x0 /opt/msp430-gcc-4.4.2/lib/gcc/msp430/4.4.2/msp2/libgcc.a(_reset_vector__.o)
 .data          0x00001102        0x0 /opt/msp430-gcc-4.4.2/lib/gcc/msp430/4.4.2/msp2/libgcc.a(__low_level_init.o)
 .data          0x00001102        0x0 /opt/msp430-gcc-4.4.2/lib/gcc/msp430/4.4.2/msp2/libgcc.a(__init_stack.o)
 .data          0x00001102        0x0 /opt/msp430-gcc-4.4.2/lib/gcc/msp430/4.4.2/msp2/libgcc.a(_copy_data.o)
 .data          0x00001102        0x0 /opt/msp430-gcc-4.4.2/lib/gcc/msp430/4.4.2/msp2/libgcc.a(_clear_bss.o)
 .data          0x00001102        0x0 /opt/msp430-gcc-4.4.2/lib/gcc/msp430/4.4.2/msp2/libgcc.a(__jump_to_main.o)
 *(SORT(.data.*))
                0x00001102                . = ALIGN (0x2)
 *(.gnu.linkonce.d*)
                0x00001102                . = ALIGN (0x2)
                0x00001102                _edata = .
                0x00004566                PROVIDE (__data_load_start, LOADADDR (.data))
                0x00000002                PROVIDE (__data_size, SIZEOF (.data))

.bootloader     0x00000c00        0x0
                0x00000c00                PROVIDE (__boot_start, .)
 *(.bootloader)
                0x00000c00                . = ALIGN (0x2)
 *(.bootloader.*)

.infomem        0x00001000        0x0
 *(.infomem)
                0x00001000                . = ALIGN (0x2)
 *(.infomem.*)

.infomemnobits  0x00001000        0x0
 *(.infomemnobits)
                0x00001000                . = ALIGN (0x2)
 *(.infomemnobits.*)

.bss            0x00001102       0x50
                0x00001102                PROVIDE (__bss_start, .)
 *(.bss)
 .bss           0x00001102        0x0 /opt/msp430-gcc-4.4.2/lib/gcc/msp430/4.4.2/../../../../msp430/lib/crt430x1611.o
 .bss           0x00001102        0x0 SchedTest.o
 .bss           0x00001102        0x0 Led.o
 .bss           0x00001102        0x0 Clock.o
 .bss           0x00001102        0x6 Context.o
 .bss           0x00001108        0x0 SchedulerOnline.o
 .bss           0x00001108        0x0 Scheduler_P_FP.o
 .bss           0x00001108        0x0 Scheduler_P_EDF.o
 .bss           0x00001108        0xa TimeTracking.o
 .bss           0x00001112        0x0 /opt/msp430-gcc-4.4.2/lib/gcc/msp430/4.4.2/msp2/libgcc.a(_reset_vector__.o)
 .bss           0x00001112        0x0 /opt/msp430-gcc-4.4.2/lib/gcc/msp430/4.4.2/msp2/libgcc.a(__low_level_init.o)
 .bss           0x00001112        0x0 /opt/msp430-gcc-4.4.2/lib/gcc/msp430/4.4.2/msp2/libgcc.a(__init_stack.o)
 .bss           0x00001112        0x0 /opt/msp430-gcc-4.4.2/lib/gcc/msp430/4.4.2/msp2/libgcc.a(_copy_data.o)
 .bss           0x00001112        0x0 /opt/msp430-gcc-4.4.2/lib/gcc/msp430/4.4.2/msp2/libgcc.a(_clear_bss.o)
 .bss           0x00001112        0x0 /opt/msp430-gcc-4.4.2/lib/gcc/msp430/4.4.2/msp2/libgcc.a(__jump_to_main.o)
 *(SORT(.bss.*))
 *(COMMON)
 COMMON         0x00001112       0x40 SchedulerOnline.o
                0x00001112                minAt
                0x00001114                Tasks
                0x00001150                NextInterruptTime
                0x00001152                PROVIDE (__bss_end, .)
                0x00001152                _end = .
                0x00000050                PROVIDE (__bss_size, SIZEOF (.bss))

.noinit         0x00001152        0x0
                0x00001152                PROVIDE (__noinit_start, .)
 *(.noinit)
 *(.noinit.*)
 *(COMMON)
                0x00001152                PROVIDE (__noinit_end, .)
                0x00001152                _end = .

.vectors        0x0000ffe0       0x20
                0x0000ffe0                PROVIDE (__vectors_start, .)
 *(.vectors*)
 .vectors       0x0000ffe0       0x20 /opt/msp430-gcc-4.4.2/lib/gcc/msp430/4.4.2/../../../../msp430/lib/crt430x1611.o
                0x0000ffe0                InterruptVectors
 *(.vectors*)
                0x00010000                _vectors_end = .

.profiler
 *(.profiler)

.stab           0x00000000       0xf0
 *(.stab)
 .stab          0x00000000       0xf0 /opt/msp430-gcc-4.4.2/lib/gcc/msp430/4.4.2/../../../../msp430/lib/crt430x1611.o

.stabstr        0x00000000       0x19
 *(.stabstr)
 .stabstr       0x00000000       0x19 /opt/msp430-gcc-4.4.2/lib/gcc/msp430/4.4.2/../../../../msp430/lib/crt430x1611.o

.stab.excl
 *(.stab.excl)

.stab.exclstr
 *(.stab.exclstr)

.stab.index
 *(.stab.index)

.stab.indexstr
 *(.stab.indexstr)

.comment
 *(.comment)

.debug
 *(.debug)

.line
 *(.line)

.debug_srcinfo
 *(.debug_srcinfo)

.debug_sfnames
 *(.debug_sfnames)

.debug_aranges  0x00000000       0xa0
 *(.debug_aranges)
 .debug_aranges
                0x00000000       0x14 SchedTest.o
 .debug_aranges
                0x00000014       0x14 Led.o
 .debug_aranges
                0x00000028       0x14 Clock.o
 .debug_aranges
                0x0000003c       0x14 Context.o
 .debug_aranges
                0x00000050       0x14 SchedulerOnline.o
 .debug_aranges
                0x00000064       0x14 Scheduler_P_FP.o
 .debug_aranges
                0x00000078       0x14 Scheduler_P_EDF.o
 .debug_aranges
                0x0000008c       0x14 TimeTracking.o

.debug_pubnames
                0x00000000     0x4e83
 *(.debug_pubnames)
 .debug_pubnames
                0x00000000      0x9f4 SchedTest.o
 .debug_pubnames
                0x000009f4      0x9c1 Led.o
 .debug_pubnames
                0x000013b5      0x9a7 Clock.o
 .debug_pubnames
                0x00001d5c      0x9bd Context.o
 .debug_pubnames
                0x00002719      0xa30 SchedulerOnline.o
 .debug_pubnames
                0x00003149      0x9ac Scheduler_P_FP.o
 .debug_pubnames
                0x00003af5      0x9ad Scheduler_P_EDF.o
 .debug_pubnames
                0x000044a2      0x9e1 TimeTracking.o

.debug_info     0x00000000     0xdb72
 *(.debug_info)
 .debug_info    0x00000000     0x1bdb SchedTest.o
 .debug_info    0x00001bdb     0x1ab4 Led.o
 .debug_info    0x0000368f     0x1a47 Clock.o
 .debug_info    0x000050d6     0x1a9c Context.o
 .debug_info    0x00006b72     0x1d56 SchedulerOnline.o
 .debug_info    0x000088c8     0x1bbc Scheduler_P_FP.o
 .debug_info    0x0000a484     0x1be1 Scheduler_P_EDF.o
 .debug_info    0x0000c065     0x1b0d TimeTracking.o
 *(.gnu.linkonce.wi.*)

.debug_abbrev   0x00000000     0x1076
 *(.debug_abbrev)
 .debug_abbrev  0x00000000      0x24a SchedTest.o
 .debug_abbrev  0x0000024a      0x1bb Led.o
 .debug_abbrev  0x00000405      0x19b Clock.o
 .debug_abbrev  0x000005a0      0x1a8 Context.o
 .debug_abbrev  0x00000748      0x2fe SchedulerOnline.o
 .debug_abbrev  0x00000a46      0x222 Scheduler_P_FP.o
 .debug_abbrev  0x00000c68      0x219 Scheduler_P_EDF.o
 .debug_abbrev  0x00000e81      0x1f5 TimeTracking.o

.debug_line     0x00000000     0x1431
 *(.debug_line)
 .debug_line    0x00000000      0x32e SchedTest.o
 .debug_line    0x0000032e      0x226 Led.o
 .debug_line    0x00000554      0x1b4 Clock.o
 .debug_line    0x00000708      0x224 Context.o
 .debug_line    0x0000092c      0x35f SchedulerOnline.o
 .debug_line    0x00000c8b      0x28a Scheduler_P_FP.o
 .debug_line    0x00000f15      0x2b7 Scheduler_P_EDF.o
 .debug_line    0x000011cc      0x265 TimeTracking.o

.debug_frame    0x00000000      0x268
 *(.debug_frame)
 .debug_frame   0x00000000       0x92 SchedTest.o
 .debug_frame   0x00000092       0x38 Led.o
 .debug_frame   0x000000ca       0x20 Clock.o
 .debug_frame   0x000000ea       0x2c Context.o
 .debug_frame   0x00000116       0x92 SchedulerOnline.o
 .debug_frame   0x000001a8       0x32 Scheduler_P_FP.o
 .debug_frame   0x000001da       0x4a Scheduler_P_EDF.o
 .debug_frame   0x00000224       0x44 TimeTracking.o

.debug_str      0x00000000     0x10bd
 *(.debug_str)
 .debug_str     0x00000000      0xe73 SchedTest.o
                                0xec2 (size before relaxing)
 .debug_str     0x00000e73       0x31 Led.o
                                0xe5c (size before relaxing)
 .debug_str     0x00000ea4       0x12 Clock.o
                                0xe3d (size before relaxing)
 .debug_str     0x00000eb6       0x3e Context.o
                                0xe89 (size before relaxing)
 .debug_str     0x00000ef4      0x10b SchedulerOnline.o
                                0xf95 (size before relaxing)
 .debug_str     0x00000fff       0x26 Scheduler_P_FP.o
                                0xf39 (size before relaxing)
 .debug_str     0x00001025       0x2c Scheduler_P_EDF.o
                                0xf45 (size before relaxing)
 .debug_str     0x00001051       0x6c TimeTracking.o
                                0xee1 (size before relaxing)

.debug_loc      0x00000000      0x397
 *(.debug_loc)
 .debug_loc     0x00000000      0x148 SchedTest.o
 .debug_loc     0x00000148      0x110 SchedulerOnline.o
 .debug_loc     0x00000258       0x4c Scheduler_P_FP.o
 .debug_loc     0x000002a4       0xe8 Scheduler_P_EDF.o
 .debug_loc     0x0000038c        0xb TimeTracking.o

.debug_macinfo
 *(.debug_macinfo)
                0x00003900                PROVIDE (__stack, 0x3900)
                0x00004566                PROVIDE (__data_start_rom, _etext)
                0x00004568                PROVIDE (__data_end_rom, (_etext + SIZEOF (.data)))
                0x00004568                PROVIDE (__noinit_start_rom, (_etext + SIZEOF (.data)))
                0x00004568                PROVIDE (__noinit_end_rom, ((_etext + SIZEOF (.data)) + SIZEOF (.noinit)))
                0x00000000                PROVIDE (__subdevice_has_heap, 0x0)
OUTPUT(SchedTest.elf elf32-msp430)

Cross Reference Table

Symbol                                            File
AddJobExecution                                   TimeTracking.o
BlinkGreen                                        SchedTest.o
BlinkRed                                          SchedTest.o
BlinkYellow                                       SchedTest.o
ContextSwitch                                     Context.o
                                                  SchedulerOnline.o
CountDelay                                        SchedTest.o
CountRealtimeDelay                                SchedTest.o
InitClock                                         Clock.o
                                                  SchedTest.o
InitLeds                                          Led.o
                                                  SchedTest.o
InitTasks                                         SchedulerOnline.o
IntDisable                                        SchedulerOnline.o
InterruptVectors                                  /opt/msp430-gcc-4.4.2/lib/gcc/msp430/4.4.2/../../../../msp430/lib/crt430x1611.o
NextInterruptTime                                 SchedulerOnline.o
PrintResults                                      TimeTracking.o
                                                  Scheduler_P_EDF.o
                                                  Scheduler_P_FP.o
                                                  SchedulerOnline.o
RegisterTask                                      SchedulerOnline.o
                                                  SchedTest.o
RestoreSW                                         SchedulerOnline.o
ResumeContext                                     Context.o
                                                  SchedulerOnline.o
Scheduler_P_EDF                                   Scheduler_P_EDF.o
Scheduler_P_FP                                    Scheduler_P_FP.o
                                                  SchedulerOnline.o
SetLeds                                           Led.o
                                                  SchedTest.o
StartTracking                                     TimeTracking.o
                                                  Scheduler_P_EDF.o
                                                  Scheduler_P_FP.o
                                                  SchedulerOnline.o
StopTracking                                      TimeTracking.o
                                                  Scheduler_P_EDF.o
                                                  Scheduler_P_FP.o
                                                  SchedulerOnline.o
Tasks                                             SchedulerOnline.o
TimerIntrpt                                       SchedulerOnline.o
ToggleLeds                                        Led.o
UnRegisterTask                                    SchedulerOnline.o
__bss_size                                        /opt/msp430-gcc-4.4.2/lib/gcc/msp430/4.4.2/msp2/libgcc.a(_clear_bss.o)
__bss_start                                       /opt/msp430-gcc-4.4.2/lib/gcc/msp430/4.4.2/msp2/libgcc.a(_clear_bss.o)
__data_load_start                                 /opt/msp430-gcc-4.4.2/lib/gcc/msp430/4.4.2/msp2/libgcc.a(_copy_data.o)
__data_size                                       /opt/msp430-gcc-4.4.2/lib/gcc/msp430/4.4.2/msp2/libgcc.a(_copy_data.o)
__data_start                                      /opt/msp430-gcc-4.4.2/lib/gcc/msp430/4.4.2/msp2/libgcc.a(_copy_data.o)
__do_clear_bss                                    /opt/msp430-gcc-4.4.2/lib/gcc/msp430/4.4.2/msp2/libgcc.a(_clear_bss.o)
                                                  /opt/msp430-gcc-4.4.2/lib/gcc/msp430/4.4.2/msp2/libgcc.a(_reset_vector__.o)
__do_copy_data                                    /opt/msp430-gcc-4.4.2/lib/gcc/msp430/4.4.2/msp2/libgcc.a(_copy_data.o)
                                                  /opt/msp430-gcc-4.4.2/lib/gcc/msp430/4.4.2/msp2/libgcc.a(_reset_vector__.o)
__init_stack                                      /opt/msp430-gcc-4.4.2/lib/gcc/msp430/4.4.2/msp2/libgcc.a(__init_stack.o)
                                                  /opt/msp430-gcc-4.4.2/lib/gcc/msp430/4.4.2/msp2/libgcc.a(_reset_vector__.o)
__jump_to_main                                    /opt/msp430-gcc-4.4.2/lib/gcc/msp430/4.4.2/msp2/libgcc.a(__jump_to_main.o)
                                                  /opt/msp430-gcc-4.4.2/lib/gcc/msp430/4.4.2/msp2/libgcc.a(_reset_vector__.o)
__low_level_init                                  /opt/msp430-gcc-4.4.2/lib/gcc/msp430/4.4.2/msp2/libgcc.a(__low_level_init.o)
                                                  /opt/msp430-gcc-4.4.2/lib/gcc/msp430/4.4.2/msp2/libgcc.a(_reset_vector__.o)
__stack                                           /opt/msp430-gcc-4.4.2/lib/gcc/msp430/4.4.2/msp2/libgcc.a(__init_stack.o)
                                                  SchedTest.o
_reset_vector__                                   /opt/msp430-gcc-4.4.2/lib/gcc/msp430/4.4.2/msp2/libgcc.a(_reset_vector__.o)
                                                  /opt/msp430-gcc-4.4.2/lib/gcc/msp430/4.4.2/../../../../msp430/lib/crt430x1611.o
_unexpected_                                      /opt/msp430-gcc-4.4.2/lib/gcc/msp430/4.4.2/../../../../msp430/lib/crt430x1611.o
_unexpected_1_                                    /opt/msp430-gcc-4.4.2/lib/gcc/msp430/4.4.2/../../../../msp430/lib/crt430x1611.o
main                                              SchedTest.o
                                                  /opt/msp430-gcc-4.4.2/lib/gcc/msp430/4.4.2/msp2/libgcc.a(__jump_to_main.o)
minAt                                             SchedulerOnline.o
minPeriod                                         SchedulerOnline.o
                                                  Scheduler_P_EDF.o
                                                  Scheduler_P_FP.o
vector_ffe0                                       /opt/msp430-gcc-4.4.2/lib/gcc/msp430/4.4.2/../../../../msp430/lib/crt430x1611.o
vector_ffe2                                       /opt/msp430-gcc-4.4.2/lib/gcc/msp430/4.4.2/../../../../msp430/lib/crt430x1611.o
vector_ffe4                                       /opt/msp430-gcc-4.4.2/lib/gcc/msp430/4.4.2/../../../../msp430/lib/crt430x1611.o
vector_ffe6                                       /opt/msp430-gcc-4.4.2/lib/gcc/msp430/4.4.2/../../../../msp430/lib/crt430x1611.o
vector_ffe8                                       /opt/msp430-gcc-4.4.2/lib/gcc/msp430/4.4.2/../../../../msp430/lib/crt430x1611.o
vector_ffea                                       /opt/msp430-gcc-4.4.2/lib/gcc/msp430/4.4.2/../../../../msp430/lib/crt430x1611.o
vector_ffec                                       SchedulerOnline.o
                                                  /opt/msp430-gcc-4.4.2/lib/gcc/msp430/4.4.2/../../../../msp430/lib/crt430x1611.o
vector_ffee                                       /opt/msp430-gcc-4.4.2/lib/gcc/msp430/4.4.2/../../../../msp430/lib/crt430x1611.o
vector_fff0                                       /opt/msp430-gcc-4.4.2/lib/gcc/msp430/4.4.2/../../../../msp430/lib/crt430x1611.o
vector_fff2                                       /opt/msp430-gcc-4.4.2/lib/gcc/msp430/4.4.2/../../../../msp430/lib/crt430x1611.o
vector_fff4                                       /opt/msp430-gcc-4.4.2/lib/gcc/msp430/4.4.2/../../../../msp430/lib/crt430x1611.o
vector_fff6                                       /opt/msp430-gcc-4.4.2/lib/gcc/msp430/4.4.2/../../../../msp430/lib/crt430x1611.o
vector_fff8                                       /opt/msp430-gcc-4.4.2/lib/gcc/msp430/4.4.2/../../../../msp430/lib/crt430x1611.o
vector_fffa                                       /opt/msp430-gcc-4.4.2/lib/gcc/msp430/4.4.2/../../../../msp430/lib/crt430x1611.o
vector_fffc                                       /opt/msp430-gcc-4.4.2/lib/gcc/msp430/4.4.2/../../../../msp430/lib/crt430x1611.o
