Archive member included because of file (symbol)

/opt/msp430-gcc-4.4.2/lib/gcc/msp430/4.4.2/msp2/libgcc.a(_reset_vector__.o)
                              /opt/msp430-gcc-4.4.2/lib/gcc/msp430/4.4.2/../../../../msp430/lib/crt430x1611.o (_reset_vector__)
/opt/msp430-gcc-4.4.2/lib/gcc/msp430/4.4.2/msp2/libgcc.a(__low_level_init.o)
                              /opt/msp430-gcc-4.4.2/lib/gcc/msp430/4.4.2/msp2/libgcc.a(_reset_vector__.o) (__low_level_init)
/opt/msp430-gcc-4.4.2/lib/gcc/msp430/4.4.2/msp2/libgcc.a(__init_stack.o)
                              /opt/msp430-gcc-4.4.2/lib/gcc/msp430/4.4.2/msp2/libgcc.a(_reset_vector__.o) (__init_stack)
/opt/msp430-gcc-4.4.2/lib/gcc/msp430/4.4.2/msp2/libgcc.a(_copy_data.o)
                              /opt/msp430-gcc-4.4.2/lib/gcc/msp430/4.4.2/msp2/libgcc.a(_reset_vector__.o) (__do_copy_data)
/opt/msp430-gcc-4.4.2/lib/gcc/msp430/4.4.2/msp2/libgcc.a(_clear_bss.o)
                              /opt/msp430-gcc-4.4.2/lib/gcc/msp430/4.4.2/msp2/libgcc.a(_reset_vector__.o) (__do_clear_bss)
/opt/msp430-gcc-4.4.2/lib/gcc/msp430/4.4.2/msp2/libgcc.a(__jump_to_main.o)
                              /opt/msp430-gcc-4.4.2/lib/gcc/msp430/4.4.2/msp2/libgcc.a(_reset_vector__.o) (__jump_to_main)

Allocating common symbols
Common symbol       size              file

BusyPrio            0x1               SchedulerPre.o
Pending             0x1               SchedulerPre.o
Tasks               0x30              SchedulerPre.o

Memory Configuration

Name             Origin             Length             Attributes
text             0x00004000         0x0000bfe0         xr
data             0x00001100         0x00002800         xrw
vectors          0x0000ffe0         0x00000020         rw
bootloader       0x00000c00         0x00000400         xr
infomem          0x00001000         0x00000100         xr
infomemnobits    0x00001000         0x00000100         xr
*default*        0x00000000         0xffffffff

Linker script and memory map

LOAD /opt/msp430-gcc-4.4.2/lib/gcc/msp430/4.4.2/../../../../msp430/lib/crt430x1611.o
LOAD SchedTest.o
LOAD Led.o
LOAD Clock.o
LOAD Context.o
LOAD SchedulerPre.o
LOAD /opt/msp430-gcc-4.4.2/lib/gcc/msp430/4.4.2/msp2/libgcc.a
LOAD /opt/msp430-gcc-4.4.2/lib/gcc/msp430/4.4.2/../../../../msp430/lib/msp2/libc.a
LOAD /opt/msp430-gcc-4.4.2/lib/gcc/msp430/4.4.2/msp2/libgcc.a

.hash
 *(.hash)

.dynsym
 *(.dynsym)

.dynstr
 *(.dynstr)

.gnu.version
 *(.gnu.version)

.gnu.version_d
 *(.gnu.version_d)

.gnu.version_r
 *(.gnu.version_r)

.rel.init
 *(.rel.init)

.rela.init
 *(.rela.init)

.rel.text
 *(.rel.text)
 *(.rel.text.*)
 *(.rel.gnu.linkonce.t*)

.rela.text
 *(.rela.text)
 *(.rela.text.*)
 *(.rela.gnu.linkonce.t*)

.rel.fini
 *(.rel.fini)

.rela.fini
 *(.rela.fini)

.rel.rodata
 *(.rel.rodata)
 *(.rel.rodata.*)
 *(.rel.gnu.linkonce.r*)

.rela.rodata
 *(.rela.rodata)
 *(.rela.rodata.*)
 *(.rela.gnu.linkonce.r*)

.rel.data
 *(.rel.data)
 *(.rel.data.*)
 *(.rel.gnu.linkonce.d*)

.rela.data
 *(.rela.data)
 *(.rela.data.*)
 *(.rela.gnu.linkonce.d*)

.rel.ctors
 *(.rel.ctors)

.rela.ctors
 *(.rela.ctors)

.rel.dtors
 *(.rel.dtors)

.rela.dtors
 *(.rela.dtors)

.rel.got
 *(.rel.got)

.rela.got
 *(.rela.got)

.rel.bss
 *(.rel.bss)

.rela.bss
 *(.rela.bss)

.rel.plt
 *(.rel.plt)

.rela.plt
 *(.rela.plt)

.text           0x00004000      0x376
                0x00004000                . = ALIGN (0x2)
 *(.init)
 *(.init)
 *(.init0)
 .init0         0x00004000        0x0 /opt/msp430-gcc-4.4.2/lib/gcc/msp430/4.4.2/msp2/libgcc.a(_reset_vector__.o)
                0x00004000                _reset_vector__
 *(.init0)
 *(.init1)
 *(.init1)
 *(.init2)
 .init2         0x00004000        0x4 /opt/msp430-gcc-4.4.2/lib/gcc/msp430/4.4.2/msp2/libgcc.a(__init_stack.o)
                0x00004000                __init_stack
 *(.init2)
 *(.init3)
 .init3         0x00004004        0x6 /opt/msp430-gcc-4.4.2/lib/gcc/msp430/4.4.2/msp2/libgcc.a(__low_level_init.o)
                0x00004004                __low_level_init
 *(.init3)
 *(.init4)
 .init4         0x0000400a       0x12 /opt/msp430-gcc-4.4.2/lib/gcc/msp430/4.4.2/msp2/libgcc.a(_copy_data.o)
                0x0000400a                __do_copy_data
 .init4         0x0000401c       0x10 /opt/msp430-gcc-4.4.2/lib/gcc/msp430/4.4.2/msp2/libgcc.a(_clear_bss.o)
                0x0000401c                __do_clear_bss
 *(.init4)
 *(.init5)
 *(.init5)
 *(.init6)
 *(.init6)
 *(.init7)
 *(.init7)
 *(.init8)
 *(.init8)
 *(.init9)
 .init9         0x0000402c        0x4 /opt/msp430-gcc-4.4.2/lib/gcc/msp430/4.4.2/msp2/libgcc.a(__jump_to_main.o)
                0x0000402c                __jump_to_main
 *(.init9)
                0x00004030                __ctors_start = .
 *(.ctors)
 *(.ctors)
                0x00004030                __ctors_end = .
                0x00004030                __dtors_start = .
 *(.dtors)
 *(.dtors)
                0x00004030                __dtors_end = .
                0x00004030                . = ALIGN (0x2)
 *(.text)
 .text          0x00004030        0x6 /opt/msp430-gcc-4.4.2/lib/gcc/msp430/4.4.2/../../../../msp430/lib/crt430x1611.o
                0x00004030                _unexpected_1_
                0x00004030                vector_ffe0
                0x00004030                vector_fff0
                0x00004030                vector_fffc
                0x00004030                vector_ffe4
                0x00004030                vector_ffe2
                0x00004030                vector_ffe8
                0x00004034                _unexpected_
                0x00004030                vector_fffa
                0x00004030                vector_ffee
                0x00004030                vector_fff4
                0x00004030                vector_fff8
                0x00004030                vector_fff2
                0x00004030                vector_ffe6
                0x00004030                vector_fff6
                0x00004030                vector_ffea
 .text          0x00004036       0xd4 SchedTest.o
                0x00004036                CountDelay
                0x000040ea                BlinkYellow
                0x000040ca                BlinkGreen
                0x0000404e                main
                0x000040aa                BlinkRed
 .text          0x0000410a       0x20 Led.o
                0x0000410a                InitLeds
                0x00004124                ToggleLeds
                0x00004114                SetLeds
 .text          0x0000412a       0x1a Clock.o
                0x0000412a                InitClock
 .text          0x00004144       0x30 Context.o
                0x0000415e                ResumeContext
                0x00004144                ContextSwitch
 .text          0x00004174      0x202 SchedulerPre.o
                0x00004280                RegisterTask
                0x000042f2                vector_ffec
                0x000041da                UnRegisterTask
                0x000041f8                Scheduler
                0x000042f2                TimerIntrpt
                0x00004174                IntDisable
                0x0000417a                Prio2Taskp
                0x0000418a                InitTasks
                0x00004268                RestoreSW
 .text          0x00004376        0x0 /opt/msp430-gcc-4.4.2/lib/gcc/msp430/4.4.2/msp2/libgcc.a(_reset_vector__.o)
 .text          0x00004376        0x0 /opt/msp430-gcc-4.4.2/lib/gcc/msp430/4.4.2/msp2/libgcc.a(__low_level_init.o)
 .text          0x00004376        0x0 /opt/msp430-gcc-4.4.2/lib/gcc/msp430/4.4.2/msp2/libgcc.a(__init_stack.o)
 .text          0x00004376        0x0 /opt/msp430-gcc-4.4.2/lib/gcc/msp430/4.4.2/msp2/libgcc.a(_copy_data.o)
 .text          0x00004376        0x0 /opt/msp430-gcc-4.4.2/lib/gcc/msp430/4.4.2/msp2/libgcc.a(_clear_bss.o)
 .text          0x00004376        0x0 /opt/msp430-gcc-4.4.2/lib/gcc/msp430/4.4.2/msp2/libgcc.a(__jump_to_main.o)
                0x00004376                . = ALIGN (0x2)
 *(.text.*)
 .text.libgcc   0x00004376        0x0 /opt/msp430-gcc-4.4.2/lib/gcc/msp430/4.4.2/msp2/libgcc.a(_reset_vector__.o)
 .text.libgcc   0x00004376        0x0 /opt/msp430-gcc-4.4.2/lib/gcc/msp430/4.4.2/msp2/libgcc.a(__low_level_init.o)
 .text.libgcc   0x00004376        0x0 /opt/msp430-gcc-4.4.2/lib/gcc/msp430/4.4.2/msp2/libgcc.a(__init_stack.o)
 .text.libgcc   0x00004376        0x0 /opt/msp430-gcc-4.4.2/lib/gcc/msp430/4.4.2/msp2/libgcc.a(_copy_data.o)
 .text.libgcc   0x00004376        0x0 /opt/msp430-gcc-4.4.2/lib/gcc/msp430/4.4.2/msp2/libgcc.a(_clear_bss.o)
 .text.libgcc   0x00004376        0x0 /opt/msp430-gcc-4.4.2/lib/gcc/msp430/4.4.2/msp2/libgcc.a(__jump_to_main.o)
                0x00004376                . = ALIGN (0x2)
 *(.fini9)
 *(.fini9)
 *(.fini8)
 *(.fini8)
 *(.fini7)
 *(.fini7)
 *(.fini6)
 *(.fini6)
 *(.fini5)
 *(.fini5)
 *(.fini4)
 *(.fini4)
 *(.fini3)
 *(.fini3)
 *(.fini2)
 *(.fini2)
 *(.fini1)
 *(.fini1)
 *(.fini0)
 *(.fini0)
 *(.fini)
 *(.fini)
                0x00004376                _etext = .

.data           0x00001100        0x0 load address 0x00004376
                0x00001100                PROVIDE (__data_start, .)
                0x00001100                . = ALIGN (0x2)
 *(.data)
 .data          0x00001100        0x0 /opt/msp430-gcc-4.4.2/lib/gcc/msp430/4.4.2/../../../../msp430/lib/crt430x1611.o
 .data          0x00001100        0x0 SchedTest.o
 .data          0x00001100        0x0 Led.o
 .data          0x00001100        0x0 Clock.o
 .data          0x00001100        0x0 Context.o
 .data          0x00001100        0x0 SchedulerPre.o
 .data          0x00001100        0x0 /opt/msp430-gcc-4.4.2/lib/gcc/msp430/4.4.2/msp2/libgcc.a(_reset_vector__.o)
 .data          0x00001100        0x0 /opt/msp430-gcc-4.4.2/lib/gcc/msp430/4.4.2/msp2/libgcc.a(__low_level_init.o)
 .data          0x00001100        0x0 /opt/msp430-gcc-4.4.2/lib/gcc/msp430/4.4.2/msp2/libgcc.a(__init_stack.o)
 .data          0x00001100        0x0 /opt/msp430-gcc-4.4.2/lib/gcc/msp430/4.4.2/msp2/libgcc.a(_copy_data.o)
 .data          0x00001100        0x0 /opt/msp430-gcc-4.4.2/lib/gcc/msp430/4.4.2/msp2/libgcc.a(_clear_bss.o)
 .data          0x00001100        0x0 /opt/msp430-gcc-4.4.2/lib/gcc/msp430/4.4.2/msp2/libgcc.a(__jump_to_main.o)
 *(SORT(.data.*))
                0x00001100                . = ALIGN (0x2)
 *(.gnu.linkonce.d*)
                0x00001100                . = ALIGN (0x2)
                0x00001100                _edata = .
                0x00004376                PROVIDE (__data_load_start, LOADADDR (.data))
                0x00000000                PROVIDE (__data_size, SIZEOF (.data))

.bootloader     0x00000c00        0x0
                0x00000c00                PROVIDE (__boot_start, .)
 *(.bootloader)
                0x00000c00                . = ALIGN (0x2)
 *(.bootloader.*)

.infomem        0x00001000        0x0
 *(.infomem)
                0x00001000                . = ALIGN (0x2)
 *(.infomem.*)

.infomemnobits  0x00001000        0x0
 *(.infomemnobits)
                0x00001000                . = ALIGN (0x2)
 *(.infomemnobits.*)

.bss            0x00001100       0x38
                0x00001100                PROVIDE (__bss_start, .)
 *(.bss)
 .bss           0x00001100        0x0 /opt/msp430-gcc-4.4.2/lib/gcc/msp430/4.4.2/../../../../msp430/lib/crt430x1611.o
 .bss           0x00001100        0x0 SchedTest.o
 .bss           0x00001100        0x0 Led.o
 .bss           0x00001100        0x0 Clock.o
 .bss           0x00001100        0x6 Context.o
 .bss           0x00001106        0x0 SchedulerPre.o
 .bss           0x00001106        0x0 /opt/msp430-gcc-4.4.2/lib/gcc/msp430/4.4.2/msp2/libgcc.a(_reset_vector__.o)
 .bss           0x00001106        0x0 /opt/msp430-gcc-4.4.2/lib/gcc/msp430/4.4.2/msp2/libgcc.a(__low_level_init.o)
 .bss           0x00001106        0x0 /opt/msp430-gcc-4.4.2/lib/gcc/msp430/4.4.2/msp2/libgcc.a(__init_stack.o)
 .bss           0x00001106        0x0 /opt/msp430-gcc-4.4.2/lib/gcc/msp430/4.4.2/msp2/libgcc.a(_copy_data.o)
 .bss           0x00001106        0x0 /opt/msp430-gcc-4.4.2/lib/gcc/msp430/4.4.2/msp2/libgcc.a(_clear_bss.o)
 .bss           0x00001106        0x0 /opt/msp430-gcc-4.4.2/lib/gcc/msp430/4.4.2/msp2/libgcc.a(__jump_to_main.o)
 *(SORT(.bss.*))
 *(COMMON)
 COMMON         0x00001106       0x32 SchedulerPre.o
                0x00001106                BusyPrio
                0x00001107                Pending
                0x00001108                Tasks
                0x00001138                PROVIDE (__bss_end, .)
                0x00001138                _end = .
                0x00000038                PROVIDE (__bss_size, SIZEOF (.bss))

.noinit         0x00001138        0x0
                0x00001138                PROVIDE (__noinit_start, .)
 *(.noinit)
 *(.noinit.*)
 *(COMMON)
                0x00001138                PROVIDE (__noinit_end, .)
                0x00001138                _end = .

.vectors        0x0000ffe0       0x20
                0x0000ffe0                PROVIDE (__vectors_start, .)
 *(.vectors*)
 .vectors       0x0000ffe0       0x20 /opt/msp430-gcc-4.4.2/lib/gcc/msp430/4.4.2/../../../../msp430/lib/crt430x1611.o
                0x0000ffe0                InterruptVectors
 *(.vectors*)
                0x00010000                _vectors_end = .

.profiler
 *(.profiler)

.stab           0x00000000       0xf0
 *(.stab)
 .stab          0x00000000       0xf0 /opt/msp430-gcc-4.4.2/lib/gcc/msp430/4.4.2/../../../../msp430/lib/crt430x1611.o

.stabstr        0x00000000       0x19
 *(.stabstr)
 .stabstr       0x00000000       0x19 /opt/msp430-gcc-4.4.2/lib/gcc/msp430/4.4.2/../../../../msp430/lib/crt430x1611.o

.stab.excl
 *(.stab.excl)

.stab.exclstr
 *(.stab.exclstr)

.stab.index
 *(.stab.index)

.stab.indexstr
 *(.stab.indexstr)

.comment
 *(.comment)

.debug
 *(.debug)

.line
 *(.line)

.debug_srcinfo
 *(.debug_srcinfo)

.debug_sfnames
 *(.debug_sfnames)

.debug_aranges  0x00000000       0x64
 *(.debug_aranges)
 .debug_aranges
                0x00000000       0x14 SchedTest.o
 .debug_aranges
                0x00000014       0x14 Led.o
 .debug_aranges
                0x00000028       0x14 Clock.o
 .debug_aranges
                0x0000003c       0x14 Context.o
 .debug_aranges
                0x00000050       0x14 SchedulerPre.o

.debug_pubnames
                0x00000000     0x313a
 *(.debug_pubnames)
 .debug_pubnames
                0x00000000      0x9dd SchedTest.o
 .debug_pubnames
                0x000009dd      0x9c1 Led.o
 .debug_pubnames
                0x0000139e      0x9a7 Clock.o
 .debug_pubnames
                0x00001d45      0x9bd Context.o
 .debug_pubnames
                0x00002702      0xa38 SchedulerPre.o

.debug_info     0x00000000     0x8802
 *(.debug_info)
 .debug_info    0x00000000     0x1b1d SchedTest.o
 .debug_info    0x00001b1d     0x1ab4 Led.o
 .debug_info    0x000035d1     0x1a47 Clock.o
 .debug_info    0x00005018     0x1a9c Context.o
 .debug_info    0x00006ab4     0x1d4e SchedulerPre.o
 *(.gnu.linkonce.wi.*)

.debug_abbrev   0x00000000      0x995
 *(.debug_abbrev)
 .debug_abbrev  0x00000000      0x1fb SchedTest.o
 .debug_abbrev  0x000001fb      0x1bb Led.o
 .debug_abbrev  0x000003b6      0x19b Clock.o
 .debug_abbrev  0x00000551      0x1a8 Context.o
 .debug_abbrev  0x000006f9      0x29c SchedulerPre.o

.debug_line     0x00000000      0xc3f
 *(.debug_line)
 .debug_line    0x00000000      0x2a2 SchedTest.o
 .debug_line    0x000002a2      0x226 Led.o
 .debug_line    0x000004c8      0x1b4 Clock.o
 .debug_line    0x0000067c      0x224 Context.o
 .debug_line    0x000008a0      0x39f SchedulerPre.o

.debug_frame    0x00000000      0x1a6
 *(.debug_frame)
 .debug_frame   0x00000000       0x6c SchedTest.o
 .debug_frame   0x0000006c       0x38 Led.o
 .debug_frame   0x000000a4       0x20 Clock.o
 .debug_frame   0x000000c4       0x2c Context.o
 .debug_frame   0x000000f0       0xb6 SchedulerPre.o

.debug_str      0x00000000      0xf78
 *(.debug_str)
 .debug_str     0x00000000      0xe35 SchedTest.o
                                0xe84 (size before relaxing)
 .debug_str     0x00000e35       0x31 Led.o
                                0xe58 (size before relaxing)
 .debug_str     0x00000e66       0x12 Clock.o
                                0xe39 (size before relaxing)
 .debug_str     0x00000e78       0x3e Context.o
                                0xe85 (size before relaxing)
 .debug_str     0x00000eb6       0xc2 SchedulerPre.o
                                0xf35 (size before relaxing)

.debug_loc      0x00000000      0x224
 *(.debug_loc)
 .debug_loc     0x00000000       0x7c SchedTest.o
 .debug_loc     0x0000007c      0x1a8 SchedulerPre.o

.debug_macinfo
 *(.debug_macinfo)
                0x00003900                PROVIDE (__stack, 0x3900)
                0x00004376                PROVIDE (__data_start_rom, _etext)
                0x00004376                PROVIDE (__data_end_rom, (_etext + SIZEOF (.data)))
                0x00004376                PROVIDE (__noinit_start_rom, (_etext + SIZEOF (.data)))
                0x00004376                PROVIDE (__noinit_end_rom, ((_etext + SIZEOF (.data)) + SIZEOF (.noinit)))
                0x00000000                PROVIDE (__subdevice_has_heap, 0x0)
OUTPUT(SchedTest.elf elf32-msp430)

Cross Reference Table

Symbol                                            File
BlinkGreen                                        SchedTest.o
BlinkRed                                          SchedTest.o
BlinkYellow                                       SchedTest.o
BusyPrio                                          SchedulerPre.o
ContextSwitch                                     Context.o
                                                  SchedulerPre.o
CountDelay                                        SchedTest.o
InitClock                                         Clock.o
                                                  SchedTest.o
InitLeds                                          Led.o
                                                  SchedTest.o
InitTasks                                         SchedulerPre.o
                                                  SchedTest.o
IntDisable                                        SchedulerPre.o
InterruptVectors                                  /opt/msp430-gcc-4.4.2/lib/gcc/msp430/4.4.2/../../../../msp430/lib/crt430x1611.o
Pending                                           SchedulerPre.o
Prio2Taskp                                        SchedulerPre.o
RegisterTask                                      SchedulerPre.o
                                                  SchedTest.o
RestoreSW                                         SchedulerPre.o
ResumeContext                                     Context.o
                                                  SchedulerPre.o
Scheduler                                         SchedulerPre.o
SetLeds                                           Led.o
                                                  SchedulerPre.o
                                                  SchedTest.o
Tasks                                             SchedulerPre.o
TimerIntrpt                                       SchedulerPre.o
ToggleLeds                                        Led.o
UnRegisterTask                                    SchedulerPre.o
__bss_size                                        /opt/msp430-gcc-4.4.2/lib/gcc/msp430/4.4.2/msp2/libgcc.a(_clear_bss.o)
__bss_start                                       /opt/msp430-gcc-4.4.2/lib/gcc/msp430/4.4.2/msp2/libgcc.a(_clear_bss.o)
__data_load_start                                 /opt/msp430-gcc-4.4.2/lib/gcc/msp430/4.4.2/msp2/libgcc.a(_copy_data.o)
__data_size                                       /opt/msp430-gcc-4.4.2/lib/gcc/msp430/4.4.2/msp2/libgcc.a(_copy_data.o)
__data_start                                      /opt/msp430-gcc-4.4.2/lib/gcc/msp430/4.4.2/msp2/libgcc.a(_copy_data.o)
__do_clear_bss                                    /opt/msp430-gcc-4.4.2/lib/gcc/msp430/4.4.2/msp2/libgcc.a(_clear_bss.o)
                                                  /opt/msp430-gcc-4.4.2/lib/gcc/msp430/4.4.2/msp2/libgcc.a(_reset_vector__.o)
__do_copy_data                                    /opt/msp430-gcc-4.4.2/lib/gcc/msp430/4.4.2/msp2/libgcc.a(_copy_data.o)
                                                  /opt/msp430-gcc-4.4.2/lib/gcc/msp430/4.4.2/msp2/libgcc.a(_reset_vector__.o)
__init_stack                                      /opt/msp430-gcc-4.4.2/lib/gcc/msp430/4.4.2/msp2/libgcc.a(__init_stack.o)
                                                  /opt/msp430-gcc-4.4.2/lib/gcc/msp430/4.4.2/msp2/libgcc.a(_reset_vector__.o)
__jump_to_main                                    /opt/msp430-gcc-4.4.2/lib/gcc/msp430/4.4.2/msp2/libgcc.a(__jump_to_main.o)
                                                  /opt/msp430-gcc-4.4.2/lib/gcc/msp430/4.4.2/msp2/libgcc.a(_reset_vector__.o)
__low_level_init                                  /opt/msp430-gcc-4.4.2/lib/gcc/msp430/4.4.2/msp2/libgcc.a(__low_level_init.o)
                                                  /opt/msp430-gcc-4.4.2/lib/gcc/msp430/4.4.2/msp2/libgcc.a(_reset_vector__.o)
__stack                                           /opt/msp430-gcc-4.4.2/lib/gcc/msp430/4.4.2/msp2/libgcc.a(__init_stack.o)
                                                  SchedTest.o
_reset_vector__                                   /opt/msp430-gcc-4.4.2/lib/gcc/msp430/4.4.2/msp2/libgcc.a(_reset_vector__.o)
                                                  /opt/msp430-gcc-4.4.2/lib/gcc/msp430/4.4.2/../../../../msp430/lib/crt430x1611.o
_unexpected_                                      /opt/msp430-gcc-4.4.2/lib/gcc/msp430/4.4.2/../../../../msp430/lib/crt430x1611.o
_unexpected_1_                                    /opt/msp430-gcc-4.4.2/lib/gcc/msp430/4.4.2/../../../../msp430/lib/crt430x1611.o
main                                              SchedTest.o
                                                  /opt/msp430-gcc-4.4.2/lib/gcc/msp430/4.4.2/msp2/libgcc.a(__jump_to_main.o)
vector_ffe0                                       /opt/msp430-gcc-4.4.2/lib/gcc/msp430/4.4.2/../../../../msp430/lib/crt430x1611.o
vector_ffe2                                       /opt/msp430-gcc-4.4.2/lib/gcc/msp430/4.4.2/../../../../msp430/lib/crt430x1611.o
vector_ffe4                                       /opt/msp430-gcc-4.4.2/lib/gcc/msp430/4.4.2/../../../../msp430/lib/crt430x1611.o
vector_ffe6                                       /opt/msp430-gcc-4.4.2/lib/gcc/msp430/4.4.2/../../../../msp430/lib/crt430x1611.o
vector_ffe8                                       /opt/msp430-gcc-4.4.2/lib/gcc/msp430/4.4.2/../../../../msp430/lib/crt430x1611.o
vector_ffea                                       /opt/msp430-gcc-4.4.2/lib/gcc/msp430/4.4.2/../../../../msp430/lib/crt430x1611.o
vector_ffec                                       SchedulerPre.o
                                                  /opt/msp430-gcc-4.4.2/lib/gcc/msp430/4.4.2/../../../../msp430/lib/crt430x1611.o
vector_ffee                                       /opt/msp430-gcc-4.4.2/lib/gcc/msp430/4.4.2/../../../../msp430/lib/crt430x1611.o
vector_fff0                                       /opt/msp430-gcc-4.4.2/lib/gcc/msp430/4.4.2/../../../../msp430/lib/crt430x1611.o
vector_fff2                                       /opt/msp430-gcc-4.4.2/lib/gcc/msp430/4.4.2/../../../../msp430/lib/crt430x1611.o
vector_fff4                                       /opt/msp430-gcc-4.4.2/lib/gcc/msp430/4.4.2/../../../../msp430/lib/crt430x1611.o
vector_fff6                                       /opt/msp430-gcc-4.4.2/lib/gcc/msp430/4.4.2/../../../../msp430/lib/crt430x1611.o
vector_fff8                                       /opt/msp430-gcc-4.4.2/lib/gcc/msp430/4.4.2/../../../../msp430/lib/crt430x1611.o
vector_fffa                                       /opt/msp430-gcc-4.4.2/lib/gcc/msp430/4.4.2/../../../../msp430/lib/crt430x1611.o
vector_fffc                                       /opt/msp430-gcc-4.4.2/lib/gcc/msp430/4.4.2/../../../../msp430/lib/crt430x1611.o
